{
  "version": "1.5.0",
  "plugins_used": [
    {
      "name": "ArtifactoryDetector"
    },
    {
      "name": "AWSKeyDetector"
    },
    {
      "name": "AzureStorageKeyDetector"
    },
    {
      "name": "Base64HighEntropyString",
      "limit": 4.5
    },
    {
      "name": "BasicAuthDetector"
    },
    {
      "name": "CloudantDetector"
    },
    {
      "name": "DiscordBotTokenDetector"
    },
    {
      "name": "GitHubTokenDetector"
    },
    {
      "name": "GitLabTokenDetector"
    },
    {
      "name": "HexHighEntropyString",
      "limit": 3.0
    },
    {
      "name": "IbmCloudIamDetector"
    },
    {
      "name": "IbmCosHmacDetector"
    },
    {
      "name": "IPPublicDetector"
    },
    {
      "name": "JwtTokenDetector"
    },
    {
      "name": "KeywordDetector",
      "keyword_exclude": ""
    },
    {
      "name": "MailchimpDetector"
    },
    {
      "name": "NpmDetector"
    },
    {
      "name": "OpenAIDetector"
    },
    {
      "name": "PrivateKeyDetector"
    },
    {
      "name": "PypiTokenDetector"
    },
    {
      "name": "SendGridDetector"
    },
    {
      "name": "SlackDetector"
    },
    {
      "name": "SoftlayerDetector"
    },
    {
      "name": "SquareOAuthDetector"
    },
    {
      "name": "StripeDetector"
    },
    {
      "name": "TelegramBotTokenDetector"
    },
    {
      "name": "TwilioKeyDetector"
    }
  ],
  "filters_used": [
    {
      "path": "detect_secrets.filters.allowlist.is_line_allowlisted"
    },
    {
      "path": "detect_secrets.filters.common.is_ignored_due_to_verification_policies",
      "min_level": 2
    },
    {
      "path": "detect_secrets.filters.heuristic.is_indirect_reference"
    },
    {
      "path": "detect_secrets.filters.heuristic.is_likely_id_string"
    },
    {
      "path": "detect_secrets.filters.heuristic.is_lock_file"
    },
    {
      "path": "detect_secrets.filters.heuristic.is_not_alphanumeric_string"
    },
    {
      "path": "detect_secrets.filters.heuristic.is_potential_uuid"
    },
    {
      "path": "detect_secrets.filters.heuristic.is_prefixed_with_dollar_sign"
    },
    {
      "path": "detect_secrets.filters.heuristic.is_sequential_string"
    },
    {
      "path": "detect_secrets.filters.heuristic.is_swagger_file"
    },
    {
      "path": "detect_secrets.filters.heuristic.is_templated_secret"
    }
  ],
  "results": {
    ".github/workflows/ci.yml": [
      {
        "type": "Secret Keyword",
        "filename": ".github/workflows/ci.yml",
        "hashed_secret": "7620d5589079d4f978a8288ee7ab75d9b351abcf",
        "is_verified": false,
        "line_number": 96
      },
      {
        "type": "Secret Keyword",
        "filename": ".github/workflows/ci.yml",
        "hashed_secret": "a9b51e6d667a3b9c92a92da2db494e5aedd4c3ce",
        "is_verified": false,
        "line_number": 97
      },
      {
        "type": "Secret Keyword",
        "filename": ".github/workflows/ci.yml",
        "hashed_secret": "ee7e2a64a209e0ea6837e616c34d746069006005",
        "is_verified": false,
        "line_number": 100
      },
      {
        "type": "Hex High Entropy String",
        "filename": ".github/workflows/ci.yml",
        "hashed_secret": "a353dfcc7540bda9a8cefffa14ff039e63cb915c",
        "is_verified": false,
        "line_number": 101
      },
      {
        "type": "Secret Keyword",
        "filename": ".github/workflows/ci.yml",
        "hashed_secret": "a86e59289eb31bb7726c936a682ccbe7a2bcc1f1",
        "is_verified": false,
        "line_number": 102
      }
    ],
    "ansible/ci/mock-vars.yml": [
      {
        "type": "Secret Keyword",
        "filename": "ansible/ci/mock-vars.yml",
        "hashed_secret": "f49066680d5032cc73b83431796d5475fd17a256",
        "is_verified": false,
        "line_number": 55
      },
      {
        "type": "Secret Keyword",
        "filename": "ansible/ci/mock-vars.yml",
        "hashed_secret": "1d30fe78b16631a9b4ff5d41e6380d98f54aff52",
        "is_verified": false,
        "line_number": 56
      },
      {
        "type": "Secret Keyword",
        "filename": "ansible/ci/mock-vars.yml",
        "hashed_secret": "db624b43823f8eb04eaf9d4f244fc64d5a963655",
        "is_verified": false,
        "line_number": 57
      },
      {
        "type": "Secret Keyword",
        "filename": "ansible/ci/mock-vars.yml",
        "hashed_secret": "e041f5d89ce55b29ad6fc32dbc01df7ab592a81d",
        "is_verified": false,
        "line_number": 58
      },
      {
        "type": "Hex High Entropy String",
        "filename": "ansible/ci/mock-vars.yml",
        "hashed_secret": "a353dfcc7540bda9a8cefffa14ff039e63cb915c",
        "is_verified": false,
        "line_number": 59
      },
      {
        "type": "Secret Keyword",
        "filename": "ansible/ci/mock-vars.yml",
        "hashed_secret": "ecde4af6d45e9c1424d8526d75e3d025084384da",
        "is_verified": false,
        "line_number": 60
      },
      {
        "type": "Secret Keyword",
        "filename": "ansible/ci/mock-vars.yml",
        "hashed_secret": "742e8f1f9d8dc5b6bfee851257f4830f41a9660b",
        "is_verified": false,
        "line_number": 64
      }
    ],
    "ansible/roles/wazuh_manager/tasks/main.yml": [
      {
        "type": "Secret Keyword",
        "filename": "ansible/roles/wazuh_manager/tasks/main.yml",
        "hashed_secret": "f232d28815f00b238d69440000cc0cedafa51b8c",
        "is_verified": false,
        "line_number": 68
      }
    ]
  },
  "generated_at": "2026-05-12T20:41:02Z"
}
